C51 COMPILER V9.59.0.0   STC8A_NVIC                                                        12/08/2023 16:39:17 PAGE 1   


C51 COMPILER V9.59.0.0, COMPILATION OF MODULE STC8A_NVIC
OBJECT MODULE PLACED IN .\Objects\STC8A_NVIC.obj
COMPILER INVOKED BY: D:\Keil\C51\BIN\C51.EXE LIB\STC8A_NVIC.c LARGE OMF2 OPTIMIZE(8,SPEED) BROWSE INCDIR(.\LIB) DEBUG PR
                    -INT(.\Listings\STC8A_NVIC.lst) TABS(2) OBJECT(.\Objects\STC8A_NVIC.obj)

line level    source

   1          /*---------------------------------------------------------------------*/
   2          /* --- STC MCU Limited ------------------------------------------------*/
   3          /* --- STC 1T Series MCU Demo Programme -------------------------------*/
   4          /* --- Mobile: (86)13922805190 ----------------------------------------*/
   5          /* --- Fax: 86-0513-55012956,55012947,55012969 ------------------------*/
   6          /* --- Tel: 86-0513-55012928,55012929,55012966 ------------------------*/
   7          /* --- Web: www.STCAI.com ---------------------------------------------*/
   8          /* --- BBS: www.STCAIMCU.com  -----------------------------------------*/
   9          /* --- QQ:  800003751 -------------------------------------------------*/
  10          /* 如果要在程序中使用此代码,请在程序中注明使用了STC的资料及程序            */
  11          /*---------------------------------------------------------------------*/
  12          
  13          #include  "STC8A_NVIC.h"
  14          
  15          //========================================================================
  16          // 函数: NVIC_Timer0_Init
  17          // 描述: Timer0嵌套向量中断控制器初始化.
  18          // 参数: State:    中断使能状态, ENABLE/DISABLE.
  19          // 参数: Priority: 中断优先级, Priority_0,Priority_1,Priority_2,Priority_3.
  20          // 返回: 执行结果 SUCCESS/FAIL.
  21          // 版本: V1.0, 2020-09-29
  22          //========================================================================
  23          u8 NVIC_Timer0_Init(u8 State, u8 Priority)
  24          {
  25   1        if(State <= ENABLE) Timer0_Interrupt(State);
  26   1        if(Priority <= Priority_3) Timer0_Priority(Priority);
  27   1        return SUCCESS;
  28   1      }
  29          
  30          //========================================================================
  31          // 函数: NVIC_Timer1_Init
  32          // 描述: Timer1嵌套向量中断控制器初始化.
  33          // 参数: State:    中断使能状态, ENABLE/DISABLE.
  34          // 参数: Priority: 中断优先级, Priority_0,Priority_1,Priority_2,Priority_3.
  35          // 返回: 执行结果 SUCCESS/FAIL.
  36          // 版本: V1.0, 2020-09-29
  37          //========================================================================
  38          u8 NVIC_Timer1_Init(u8 State, u8 Priority)
  39          {
  40   1        if(State <= ENABLE) Timer1_Interrupt(State);
  41   1        if(Priority <= Priority_3) Timer1_Priority(Priority);
  42   1        return SUCCESS;
  43   1      }
  44          
  45          //========================================================================
  46          // 函数: NVIC_Timer2_Init
  47          // 描述: Timer2嵌套向量中断控制器初始化.
  48          // 参数: State:    中断使能状态, ENABLE/DISABLE.
  49          // 参数: Priority: 中断优先级, NULL.
  50          // 返回: 执行结果 SUCCESS/FAIL.
  51          // 版本: V1.0, 2020-09-29
  52          //========================================================================
  53          u8 NVIC_Timer2_Init(u8 State, u8 Priority)
  54          {
C51 COMPILER V9.59.0.0   STC8A_NVIC                                                        12/08/2023 16:39:17 PAGE 2   

  55   1        if(State <= ENABLE) Timer2_Interrupt(State);
  56   1        Priority = NULL;
  57   1        return SUCCESS;
  58   1      }
  59          
  60          //========================================================================
  61          // 函数: NVIC_Timer3_Init
  62          // 描述: Timer3嵌套向量中断控制器初始化.
  63          // 参数: State:    中断使能状态, ENABLE/DISABLE.
  64          // 参数: Priority: 中断优先级, NULL.
  65          // 返回: 执行结果 SUCCESS/FAIL.
  66          // 版本: V1.0, 2020-09-29
  67          //========================================================================
  68          u8 NVIC_Timer3_Init(u8 State, u8 Priority)
  69          {
  70   1        if(State <= ENABLE) Timer3_Interrupt(State);
  71   1        Priority = NULL;
  72   1        return SUCCESS;
  73   1      }
  74          
  75          //========================================================================
  76          // 函数: NVIC_Timer4_Init
  77          // 描述: Timer4嵌套向量中断控制器初始化.
  78          // 参数: State:    中断使能状态, ENABLE/DISABLE.
  79          // 参数: Priority: 中断优先级, NULL.
  80          // 返回: 执行结果 SUCCESS/FAIL.
  81          // 版本: V1.0, 2020-09-29
  82          //========================================================================
  83          u8 NVIC_Timer4_Init(u8 State, u8 Priority)
  84          {
  85   1        if(State <= ENABLE) Timer4_Interrupt(State);
  86   1        Priority = NULL;
  87   1        return SUCCESS;
  88   1      }
  89          
  90          //========================================================================
  91          // 函数: NVIC_INT0_Init
  92          // 描述: INT0嵌套向量中断控制器初始化.
  93          // 参数: State:    中断使能状态, ENABLE/DISABLE.
  94          // 参数: Priority: 中断优先级, Priority_0,Priority_1,Priority_2,Priority_3.
  95          // 返回: 执行结果 SUCCESS/FAIL.
  96          // 版本: V1.0, 2020-09-29
  97          //========================================================================
  98          u8 NVIC_INT0_Init(u8 State, u8 Priority)
  99          {
 100   1        if(State <= ENABLE) INT0_Interrupt(State);
 101   1        if(Priority <= Priority_3) INT0_Priority(Priority);
 102   1        return SUCCESS;
 103   1      }
 104          
 105          //========================================================================
 106          // 函数: NVIC_INT1_Init
 107          // 描述: INT1嵌套向量中断控制器初始化.
 108          // 参数: State:    中断使能状态, ENABLE/DISABLE.
 109          // 参数: Priority: 中断优先级, Priority_0,Priority_1,Priority_2,Priority_3.
 110          // 返回: 执行结果 SUCCESS/FAIL.
 111          // 版本: V1.0, 2020-09-29
 112          //========================================================================
 113          u8 NVIC_INT1_Init(u8 State, u8 Priority)
 114          {
 115   1        if(State <= ENABLE) INT1_Interrupt(State);
 116   1        if(Priority <= Priority_3) INT1_Priority(Priority);
C51 COMPILER V9.59.0.0   STC8A_NVIC                                                        12/08/2023 16:39:17 PAGE 3   

 117   1        return SUCCESS;
 118   1      }
 119          
 120          //========================================================================
 121          // 函数: NVIC_INT2_Init
 122          // 描述: INT2嵌套向量中断控制器初始化.
 123          // 参数: State:    中断使能状态, ENABLE/DISABLE.
 124          // 参数: Priority: 中断优先级, NULL.
 125          // 返回: 执行结果 SUCCESS/FAIL.
 126          // 版本: V1.0, 2020-09-29
 127          //========================================================================
 128          u8 NVIC_INT2_Init(u8 State, u8 Priority)
 129          {
 130   1        if(State <= ENABLE) INT2_Interrupt(State);
 131   1        Priority = NULL;
 132   1        return SUCCESS;
 133   1      }
 134          
 135          //========================================================================
 136          // 函数: NVIC_INT3_Init
 137          // 描述: INT3嵌套向量中断控制器初始化.
 138          // 参数: State:    中断使能状态, ENABLE/DISABLE.
 139          // 参数: Priority: 中断优先级, NULL.
 140          // 返回: 执行结果 SUCCESS/FAIL.
 141          // 版本: V1.0, 2020-09-29
 142          //========================================================================
 143          u8 NVIC_INT3_Init(u8 State, u8 Priority)
 144          {
 145   1        if(State <= ENABLE) INT3_Interrupt(State);
 146   1        Priority = NULL;
 147   1        return SUCCESS;
 148   1      }
 149          
 150          //========================================================================
 151          // 函数: NVIC_INT4_Init
 152          // 描述: INT4嵌套向量中断控制器初始化.
 153          // 参数: State:    中断使能状态, ENABLE/DISABLE.
 154          // 参数: Priority: 中断优先级, NULL.
 155          // 返回: 执行结果 SUCCESS/FAIL.
 156          // 版本: V1.0, 2020-09-29
 157          //========================================================================
 158          u8 NVIC_INT4_Init(u8 State, u8 Priority)
 159          {
 160   1        if(State <= ENABLE) INT4_Interrupt(State);
 161   1        Priority = NULL;
 162   1        return SUCCESS;
 163   1      }
 164          
 165          //========================================================================
 166          // 函数: NVIC_ADC_Init
 167          // 描述: ADC嵌套向量中断控制器初始化.
 168          // 参数: State:    中断使能状态, ENABLE/DISABLE.
 169          // 参数: Priority: 中断优先级, Priority_0,Priority_1,Priority_2,Priority_3.
 170          // 返回: 执行结果 SUCCESS/FAIL.
 171          // 版本: V1.0, 2020-09-29
 172          //========================================================================
 173          u8 NVIC_ADC_Init(u8 State, u8 Priority)
 174          {
 175   1        if(State <= ENABLE) ADC_Interrupt(State);
 176   1        if(Priority <= Priority_3) ADC_Priority(Priority);
 177   1        return SUCCESS;
 178   1      }
C51 COMPILER V9.59.0.0   STC8A_NVIC                                                        12/08/2023 16:39:17 PAGE 4   

 179          
 180          //========================================================================
 181          // 函数: NVIC_CMP_Init
 182          // 描述: 比较器嵌套向量中断控制器初始化.
 183          // 参数: State:    中断使能状态, RISING_EDGE/FALLING_EDGE/DISABLE.
 184          // 参数: Priority: 中断优先级, Priority_0,Priority_1,Priority_2,Priority_3.
 185          // 返回: 执行结果 SUCCESS/FAIL.
 186          // 版本: V1.0, 2020-09-29
 187          //========================================================================
 188          u8 NVIC_CMP_Init(u8 State, u8 Priority)
 189          {
 190   1        if(State & RISING_EDGE) CMPCR1 |= PIE;      //允许上升沿中断
 191   1        else  CMPCR1 &= ~PIE;     //禁止上升沿中断
 192   1        if(State & FALLING_EDGE)  CMPCR1 |= NIE;    //允许下降沿中断
 193   1        else  CMPCR1 &= ~NIE;     //禁止上升沿中断
 194   1        if(Priority <= Priority_3) CMP_Priority(Priority);
 195   1        return SUCCESS;
 196   1      }
 197          
 198          //========================================================================
 199          // 函数: NVIC_I2C_Init
 200          // 描述: I2C嵌套向量中断控制器初始化.
 201          // 参数: Mode:     模式, I2C_Mode_Master/I2C_Mode_Slave.
 202          // 参数: State:    中断使能状态, I2C_Mode_Master: ENABLE/DISABLE.
 203          //                              I2C_Mode_Slave: I2C_ESTAI/I2C_ERXI/I2C_ETXI/I2C_ESTOI/DISABLE.
 204          // 参数: Priority: 中断优先级, Priority_0,Priority_1,Priority_2,Priority_3.
 205          // 返回: 执行结果 SUCCESS/FAIL.
 206          // 版本: V1.0, 2020-09-29
 207          //========================================================================
 208          u8 NVIC_I2C_Init(u8 Mode, u8 State, u8 Priority)
 209          {
 210   1        if(Mode > 1) return FAIL;
 211   1        if(Mode == 1) //I2C_Mode_Master
 212   1        {
 213   2          I2C_Master_Inturrupt(State);
 214   2        }
 215   1        else if(Mode == 0)  //I2C_Mode_Slave
 216   1        {
 217   2          I2CSLCR = (I2CSLCR & ~0x78) | State;
 218   2        }
 219   1        if(Priority <= Priority_3) CMP_Priority(Priority);
 220   1        return SUCCESS;
 221   1      }
 222          
 223          //========================================================================
 224          // 函数: NVIC_UART1_Init
 225          // 描述: UART1嵌套向量中断控制器初始化.
 226          // 参数: State:    中断使能状态, ENABLE/DISABLE.
 227          // 参数: Priority: 中断优先级, Priority_0,Priority_1,Priority_2,Priority_3.
 228          // 返回: 执行结果 SUCCESS/FAIL.
 229          // 版本: V1.0, 2020-09-29
 230          //========================================================================
 231          u8 NVIC_UART1_Init(u8 State, u8 Priority)
 232          {
 233   1        if(State <= ENABLE) UART1_Interrupt(State);
 234   1        if(Priority <= Priority_3) UART1_Priority(Priority);
 235   1        return SUCCESS;
 236   1      }
 237          
 238          //========================================================================
 239          // 函数: NVIC_UART2_Init
 240          // 描述: UART2嵌套向量中断控制器初始化.
C51 COMPILER V9.59.0.0   STC8A_NVIC                                                        12/08/2023 16:39:17 PAGE 5   

 241          // 参数: State:    中断使能状态, ENABLE/DISABLE.
 242          // 参数: Priority: 中断优先级, Priority_0,Priority_1,Priority_2,Priority_3.
 243          // 返回: 执行结果 SUCCESS/FAIL.
 244          // 版本: V1.0, 2020-09-29
 245          //========================================================================
 246          u8 NVIC_UART2_Init(u8 State, u8 Priority)
 247          {
 248   1        if(State <= ENABLE) UART2_Interrupt(State);
 249   1        if(Priority <= Priority_3) UART2_Priority(Priority);
 250   1        return SUCCESS;
 251   1      }
 252          
 253          //========================================================================
 254          // 函数: NVIC_UART3_Init
 255          // 描述: UART3嵌套向量中断控制器初始化.
 256          // 参数: State:    中断使能状态, ENABLE/DISABLE.
 257          // 参数: Priority: 中断优先级, Priority_0,Priority_1,Priority_2,Priority_3.
 258          // 返回: 执行结果 SUCCESS/FAIL.
 259          // 版本: V1.0, 2020-09-29
 260          //========================================================================
 261          u8 NVIC_UART3_Init(u8 State, u8 Priority)
 262          {
 263   1        if(State <= ENABLE) UART3_Interrupt(State);
 264   1        if(Priority <= Priority_3) UART3_Priority(Priority);
 265   1        return SUCCESS;
 266   1      }
 267          
 268          //========================================================================
 269          // 函数: NVIC_UART4_Init
 270          // 描述: UART4嵌套向量中断控制器初始化.
 271          // 参数: State:    中断使能状态, ENABLE/DISABLE.
 272          // 参数: Priority: 中断优先级, Priority_0,Priority_1,Priority_2,Priority_3.
 273          // 返回: 执行结果 SUCCESS/FAIL.
 274          // 版本: V1.0, 2020-09-29
 275          //========================================================================
 276          u8 NVIC_UART4_Init(u8 State, u8 Priority)
 277          {
 278   1        if(State <= ENABLE) UART4_Interrupt(State);
 279   1        if(Priority <= Priority_3) UART4_Priority(Priority);
 280   1        return SUCCESS;
 281   1      }
 282          
 283          //========================================================================
 284          // 函数: NVIC_SPI_Init
 285          // 描述: SPI嵌套向量中断控制器初始化.
 286          // 参数: State:    中断使能状态, ENABLE/DISABLE.
 287          // 参数: Priority: 中断优先级, Priority_0,Priority_1,Priority_2,Priority_3.
 288          // 返回: 执行结果 SUCCESS/FAIL.
 289          // 版本: V1.0, 2020-09-29
 290          //========================================================================
 291          u8 NVIC_SPI_Init(u8 State, u8 Priority)
 292          {
 293   1        if(State <= ENABLE) SPI_Interrupt(State);
 294   1        if(Priority <= Priority_3) SPI_Priority(Priority);
 295   1        return SUCCESS;
 296   1      }
 297          
 298          //========================================================================
 299          // 函数: NVIC_PCA_Init
 300          // 描述: PCA嵌套向量中断控制器初始化.
 301          // 参数: Channel:  通道, PCA0/PCA1/PCA2/PCA_Counter.
 302          // 参数: State:    中断使能状态, PCA_ECOM/PCA_CCAPP/PCA_CCAPN/PCA_MAT/PCA_TOG/PCA_PWM/PCA_ECCF/DISABLE.
C51 COMPILER V9.59.0.0   STC8A_NVIC                                                        12/08/2023 16:39:17 PAGE 6   

 303          // 参数: Priority: 中断优先级, Priority_0,Priority_1,Priority_2,Priority_3.
 304          // 返回: 执行结果 SUCCESS/FAIL.
 305          // 版本: V1.0, 2020-09-29
 306          //========================================================================
 307          u8 NVIC_PCA_Init(u8 Channel, u8 State, u8 Priority)
 308          {
 309   1      //  if(Channel > PCA_Counter) return FAIL;
 310   1        if(Priority <= Priority_3) PCA_Priority(Priority);
 311   1        switch(Channel)
 312   1        {
 313   2          case 0:   //PCA0
 314   2            CCAPM0 = State;
 315   2          break;
 316   2      
 317   2          case 1:   //PCA1
 318   2            CCAPM1 = State;
 319   2          break;
 320   2      
 321   2          case 2:   //PCA2
 322   2            CCAPM2 = State;
 323   2          break;
 324   2      
 325   2          case 3:   //PCA3
 326   2            CCAPM3 = State;
 327   2          break;
 328   2      
 329   2          case 4:   //PCA_Counter
 330   2            CMOD = (CMOD  & ~1) | (State & 1);
 331   2          break;
 332   2        }
 333   1        return SUCCESS;
 334   1      }
 335          
 336          //========================================================================
 337          // 函数: NVIC_DMA_ADC_Init
 338          // 描述: DMA ADC嵌套向量中断控制器初始化.
 339          // 参数: State:    中断使能状态, ENABLE/DISABLE.
 340          // 参数: Priority: 中断优先级, Priority_0,Priority_1,Priority_2,Priority_3.
 341          // 参数: Bus_Priority: 数据总线访问优先级, Priority_0,Priority_1,Priority_2,Priority_3.
 342          // 返回: 执行结果 SUCCESS/FAIL.
 343          // 版本: V1.0, 2021-05-21
 344          //========================================================================
 345          u8 NVIC_DMA_ADC_Init(u8 State, u8 Priority, u8 Bus_Priority)
 346          {
 347   1        DMA_ADC_CFG &= ~0x0f;
 348   1        if(Priority <= Priority_3) DMA_ADC_CFG |= Priority << 2;
 349   1        if(Bus_Priority <= Priority_3) DMA_ADC_CFG |= Bus_Priority; //数据总线访问优先级
 350   1        if(State == ENABLE)
 351   1          DMA_ADC_CFG |= 0x80;    //bit7 1:Enable Interrupt
 352   1        else
 353   1          DMA_ADC_CFG &= ~0x80;   //bit7 0:Disable Interrupt
 354   1        return SUCCESS;
 355   1      }
 356          
 357          //========================================================================
 358          // 函数: NVIC_DMA_M2M_Init
 359          // 描述: DMA M2M嵌套向量中断控制器初始化.
 360          // 参数: State:    中断使能状态, ENABLE/DISABLE.
 361          // 参数: Priority: 中断优先级, Priority_0,Priority_1,Priority_2,Priority_3.
 362          // 参数: Bus_Priority: 数据总线访问优先级, Priority_0,Priority_1,Priority_2,Priority_3.
 363          // 返回: 执行结果 SUCCESS/FAIL.
 364          // 版本: V1.0, 2021-05-21
C51 COMPILER V9.59.0.0   STC8A_NVIC                                                        12/08/2023 16:39:17 PAGE 7   

 365          //========================================================================
 366          u8 NVIC_DMA_M2M_Init(u8 State, u8 Priority, u8 Bus_Priority)
 367          {
 368   1        DMA_M2M_CFG &= ~0x0f;
 369   1        if(Priority <= Priority_3) DMA_M2M_CFG |= Priority << 2;
 370   1        if(Bus_Priority <= Priority_3) DMA_M2M_CFG |= Bus_Priority; //数据总线访问优先级
 371   1        if(State == ENABLE)
 372   1          DMA_M2M_CFG |= 0x80;    //bit7 1:Enable Interrupt
 373   1        else
 374   1          DMA_M2M_CFG &= ~0x80;   //bit7 0:Disable Interrupt
 375   1        return SUCCESS;
 376   1      }
 377          
 378          //========================================================================
 379          // 函数: NVIC_DMA_SPI_Init
 380          // 描述: DMA SPI嵌套向量中断控制器初始化.
 381          // 参数: State:    中断使能状态, ENABLE/DISABLE.
 382          // 参数: Priority: 中断优先级, Priority_0,Priority_1,Priority_2,Priority_3.
 383          // 参数: Bus_Priority: 数据总线访问优先级, Priority_0,Priority_1,Priority_2,Priority_3.
 384          // 返回: 执行结果 SUCCESS/FAIL.
 385          // 版本: V1.0, 2021-05-27
 386          //========================================================================
 387          u8 NVIC_DMA_SPI_Init(u8 State, u8 Priority, u8 Bus_Priority)
 388          {
 389   1        DMA_SPI_CFG &= ~0x0f;
 390   1        if(Priority <= Priority_3) DMA_SPI_CFG |= Priority << 2;
 391   1        if(Bus_Priority <= Priority_3) DMA_SPI_CFG |= Bus_Priority; //数据总线访问优先级
 392   1        if(State == ENABLE)
 393   1          DMA_SPI_CFG |= 0x80;    //bit7 1:Enable Interrupt
 394   1        else
 395   1          DMA_SPI_CFG &= ~0x80;   //bit7 0:Disable Interrupt
 396   1        return SUCCESS;
 397   1      }
 398          
 399          //========================================================================
 400          // 函数: NVIC_DMA_UART1_Tx_Init
 401          // 描述: DMA UART1 Tx嵌套向量中断控制器初始化.
 402          // 参数: State:    中断使能状态, ENABLE/DISABLE.
 403          // 参数: Priority: 中断优先级, Priority_0,Priority_1,Priority_2,Priority_3.
 404          // 参数: Bus_Priority: 数据总线访问优先级, Priority_0,Priority_1,Priority_2,Priority_3.
 405          // 返回: 执行结果 SUCCESS/FAIL.
 406          // 版本: V1.0, 2021-05-21
 407          //========================================================================
 408          u8 NVIC_DMA_UART1_Tx_Init(u8 State, u8 Priority, u8 Bus_Priority)
 409          {
 410   1        DMA_UR1T_CFG &= ~0x0f;
 411   1        if(Priority <= Priority_3) DMA_UR1T_CFG |= Priority << 2;
 412   1        if(Bus_Priority <= Priority_3) DMA_UR1T_CFG |= Bus_Priority;  //数据总线访问优先级
 413   1        if(State == ENABLE)
 414   1          DMA_UR1T_CFG |= 0x80;   //bit7 1:Enable Interrupt
 415   1        else
 416   1          DMA_UR1T_CFG &= ~0x80;  //bit7 0:Disable Interrupt
 417   1        return SUCCESS;
 418   1      }
 419          
 420          //========================================================================
 421          // 函数: NVIC_DMA_UART1_Rx_Init
 422          // 描述: DMA UART1 Rx嵌套向量中断控制器初始化.
 423          // 参数: State:    中断使能状态, ENABLE/DISABLE.
 424          // 参数: Priority: 中断优先级, Priority_0,Priority_1,Priority_2,Priority_3.
 425          // 参数: Bus_Priority: 数据总线访问优先级, Priority_0,Priority_1,Priority_2,Priority_3.
 426          // 返回: 执行结果 SUCCESS/FAIL.
C51 COMPILER V9.59.0.0   STC8A_NVIC                                                        12/08/2023 16:39:17 PAGE 8   

 427          // 版本: V1.0, 2021-05-21
 428          //========================================================================
 429          u8 NVIC_DMA_UART1_Rx_Init(u8 State, u8 Priority, u8 Bus_Priority)
 430          {
 431   1        DMA_UR1R_CFG &= ~0x0f;
 432   1        if(Priority <= Priority_3) DMA_UR1R_CFG |= Priority << 2;
 433   1        if(Bus_Priority <= Priority_3) DMA_UR1R_CFG |= Bus_Priority;  //数据总线访问优先级
 434   1        if(State == ENABLE)
 435   1          DMA_UR1R_CFG |= 0x80;   //bit7 1:Enable Interrupt
 436   1        else
 437   1          DMA_UR1R_CFG &= ~0x80;  //bit7 0:Disable Interrupt
 438   1        return SUCCESS;
 439   1      }
 440          
 441          //========================================================================
 442          // 函数: NVIC_DMA_UART2_Tx_Init
 443          // 描述: DMA UART2 Tx嵌套向量中断控制器初始化.
 444          // 参数: State:    中断使能状态, ENABLE/DISABLE.
 445          // 参数: Priority: 中断优先级, Priority_0,Priority_1,Priority_2,Priority_3.
 446          // 参数: Bus_Priority: 数据总线访问优先级, Priority_0,Priority_1,Priority_2,Priority_3.
 447          // 返回: 执行结果 SUCCESS/FAIL.
 448          // 版本: V1.0, 2021-05-21
 449          //========================================================================
 450          u8 NVIC_DMA_UART2_Tx_Init(u8 State, u8 Priority, u8 Bus_Priority)
 451          {
 452   1        DMA_UR2T_CFG &= ~0x0f;
 453   1        if(Priority <= Priority_3) DMA_UR2T_CFG |= Priority << 2;
 454   1        if(Bus_Priority <= Priority_3) DMA_UR2T_CFG |= Bus_Priority;  //数据总线访问优先级
 455   1        if(State == ENABLE)
 456   1          DMA_UR2T_CFG |= 0x80;   //bit7 1:Enable Interrupt
 457   1        else
 458   1          DMA_UR2T_CFG &= ~0x80;  //bit7 0:Disable Interrupt
 459   1        return SUCCESS;
 460   1      }
 461          
 462          //========================================================================
 463          // 函数: NVIC_DMA_UART2_Rx_Init
 464          // 描述: DMA UART2 Rx嵌套向量中断控制器初始化.
 465          // 参数: State:    中断使能状态, ENABLE/DISABLE.
 466          // 参数: Priority: 中断优先级, Priority_0,Priority_1,Priority_2,Priority_3.
 467          // 参数: Bus_Priority: 数据总线访问优先级, Priority_0,Priority_1,Priority_2,Priority_3.
 468          // 返回: 执行结果 SUCCESS/FAIL.
 469          // 版本: V1.0, 2021-05-21
 470          //========================================================================
 471          u8 NVIC_DMA_UART2_Rx_Init(u8 State, u8 Priority, u8 Bus_Priority)
 472          {
 473   1        DMA_UR2R_CFG &= ~0x0f;
 474   1        if(Priority <= Priority_3) DMA_UR2R_CFG |= Priority << 2;
 475   1        if(Bus_Priority <= Priority_3) DMA_UR2R_CFG |= Bus_Priority;  //数据总线访问优先级
 476   1        if(State == ENABLE)
 477   1          DMA_UR2R_CFG |= 0x80;   //bit7 1:Enable Interrupt
 478   1        else
 479   1          DMA_UR2R_CFG &= ~0x80;  //bit7 0:Disable Interrupt
 480   1        return SUCCESS;
 481   1      }
 482          
 483          //========================================================================
 484          // 函数: NVIC_DMA_UART3_Tx_Init
 485          // 描述: DMA UART3 Tx嵌套向量中断控制器初始化.
 486          // 参数: State:    中断使能状态, ENABLE/DISABLE.
 487          // 参数: Priority: 中断优先级, Priority_0,Priority_1,Priority_2,Priority_3.
 488          // 参数: Bus_Priority: 数据总线访问优先级, Priority_0,Priority_1,Priority_2,Priority_3.
C51 COMPILER V9.59.0.0   STC8A_NVIC                                                        12/08/2023 16:39:17 PAGE 9   

 489          // 返回: 执行结果 SUCCESS/FAIL.
 490          // 版本: V1.0, 2021-05-21
 491          //========================================================================
 492          u8 NVIC_DMA_UART3_Tx_Init(u8 State, u8 Priority, u8 Bus_Priority)
 493          {
 494   1        DMA_UR3T_CFG &= ~0x0f;
 495   1        if(Priority <= Priority_3) DMA_UR3T_CFG |= Priority << 2;
 496   1        if(Bus_Priority <= Priority_3) DMA_UR3T_CFG |= Bus_Priority;  //数据总线访问优先级
 497   1        if(State == ENABLE)
 498   1          DMA_UR3T_CFG |= 0x80;   //bit7 1:Enable Interrupt
 499   1        else
 500   1          DMA_UR3T_CFG &= ~0x80;  //bit7 0:Disable Interrupt
 501   1        return SUCCESS;
 502   1      }
 503          
 504          //========================================================================
 505          // 函数: NVIC_DMA_UART3_Rx_Init
 506          // 描述: DMA UART3 Rx嵌套向量中断控制器初始化.
 507          // 参数: State:    中断使能状态, ENABLE/DISABLE.
 508          // 参数: Priority: 中断优先级, Priority_0,Priority_1,Priority_2,Priority_3.
 509          // 参数: Bus_Priority: 数据总线访问优先级, Priority_0,Priority_1,Priority_2,Priority_3.
 510          // 返回: 执行结果 SUCCESS/FAIL.
 511          // 版本: V1.0, 2021-05-21
 512          //========================================================================
 513          u8 NVIC_DMA_UART3_Rx_Init(u8 State, u8 Priority, u8 Bus_Priority)
 514          {
 515   1        DMA_UR3R_CFG &= ~0x0f;
 516   1        if(Priority <= Priority_3) DMA_UR3R_CFG |= Priority << 2;
 517   1        if(Bus_Priority <= Priority_3) DMA_UR3R_CFG |= Bus_Priority;  //数据总线访问优先级
 518   1        if(State == ENABLE)
 519   1          DMA_UR3R_CFG |= 0x80;   //bit7 1:Enable Interrupt
 520   1        else
 521   1          DMA_UR3R_CFG &= ~0x80;  //bit7 0:Disable Interrupt
 522   1        return SUCCESS;
 523   1      }
 524          
 525          //========================================================================
 526          // 函数: NVIC_DMA_UART4_Tx_Init
 527          // 描述: DMA UART4 Tx嵌套向量中断控制器初始化.
 528          // 参数: State:    中断使能状态, ENABLE/DISABLE.
 529          // 参数: Priority: 中断优先级, Priority_0,Priority_1,Priority_2,Priority_3.
 530          // 参数: Bus_Priority: 数据总线访问优先级, Priority_0,Priority_1,Priority_2,Priority_3.
 531          // 返回: 执行结果 SUCCESS/FAIL.
 532          // 版本: V1.0, 2021-05-21
 533          //========================================================================
 534          u8 NVIC_DMA_UART4_Tx_Init(u8 State, u8 Priority, u8 Bus_Priority)
 535          {
 536   1        DMA_UR4T_CFG &= ~0x0f;
 537   1        if(Priority <= Priority_3) DMA_UR4T_CFG |= Priority << 2;
 538   1        if(Bus_Priority <= Priority_3) DMA_UR4T_CFG |= Bus_Priority;  //数据总线访问优先级
 539   1        if(State == ENABLE)
 540   1          DMA_UR4T_CFG |= 0x80;   //bit7 1:Enable Interrupt
 541   1        else
 542   1          DMA_UR4T_CFG &= ~0x80;  //bit7 0:Disable Interrupt
 543   1        return SUCCESS;
 544   1      }
 545          
 546          //========================================================================
 547          // 函数: NVIC_DMA_UART4_Rx_Init
 548          // 描述: DMA UART4 Rx嵌套向量中断控制器初始化.
 549          // 参数: State:    中断使能状态, ENABLE/DISABLE.
 550          // 参数: Priority: 中断优先级, Priority_0,Priority_1,Priority_2,Priority_3.
C51 COMPILER V9.59.0.0   STC8A_NVIC                                                        12/08/2023 16:39:17 PAGE 10  

 551          // 参数: Bus_Priority: 数据总线访问优先级, Priority_0,Priority_1,Priority_2,Priority_3.
 552          // 返回: 执行结果 SUCCESS/FAIL.
 553          // 版本: V1.0, 2021-05-21
 554          //========================================================================
 555          u8 NVIC_DMA_UART4_Rx_Init(u8 State, u8 Priority, u8 Bus_Priority)
 556          {
 557   1        DMA_UR4R_CFG &= ~0x0f;
 558   1        if(Priority <= Priority_3) DMA_UR4R_CFG |= Priority << 2;
 559   1        if(Bus_Priority <= Priority_3) DMA_UR4R_CFG |= Bus_Priority;  //数据总线访问优先级
 560   1        if(State == ENABLE)
 561   1          DMA_UR4R_CFG |= 0x80;   //bit7 1:Enable Interrupt
 562   1        else
 563   1          DMA_UR4R_CFG &= ~0x80;  //bit7 0:Disable Interrupt
 564   1        return SUCCESS;
 565   1      }
 566          
 567          //========================================================================
 568          // 函数: NVIC_DMA_LCM_Init
 569          // 描述: DMA LCM嵌套向量中断控制器初始化.
 570          // 参数: State:    中断使能状态, ENABLE/DISABLE.
 571          // 参数: Priority: 中断优先级, Priority_0,Priority_1,Priority_2,Priority_3.
 572          // 参数: Bus_Priority: 数据总线访问优先级, Priority_0,Priority_1,Priority_2,Priority_3.
 573          // 返回: 执行结果 SUCCESS/FAIL.
 574          // 版本: V1.0, 2021-05-21
 575          //========================================================================
 576          u8 NVIC_DMA_LCM_Init(u8 State, u8 Priority, u8 Bus_Priority)
 577          {
 578   1        DMA_LCM_CFG &= ~0x0f;
 579   1        if(Priority <= Priority_3) DMA_LCM_CFG |= Priority << 2;
 580   1        if(Bus_Priority <= Priority_3) DMA_LCM_CFG |= Bus_Priority; //数据总线访问优先级
 581   1        if(State == ENABLE)
 582   1          DMA_LCM_CFG |= 0x80;    //bit7 1:Enable Interrupt
 583   1        else
 584   1          DMA_LCM_CFG &= ~0x80;   //bit7 0:Disable Interrupt
 585   1        return SUCCESS;
 586   1      }
 587          
 588          //========================================================================
 589          // 函数: NVIC_LCM_Init
 590          // 描述: LCM嵌套向量中断控制器初始化.
 591          // 参数: State:    中断使能状态, ENABLE/DISABLE.
 592          // 参数: Priority: 中断优先级, Priority_0,Priority_1,Priority_2,Priority_3.
 593          // 返回: 执行结果 SUCCESS/FAIL.
 594          // 版本: V1.0, 2021-05-21
 595          //========================================================================
 596          u8 NVIC_LCM_Init(u8 State, u8 Priority)
 597          {
 598   1        LCMIFCFG &= ~0x30;
 599   1        if(Priority <= Priority_3) LCMIFCFG |= Priority << 4;
 600   1        if(State == ENABLE)
 601   1          LCMIFCFG |= 0x80;   //bit7 1:Enable Interrupt
 602   1        else
 603   1          LCMIFCFG &= ~0x80;    //bit7 0:Disable Interrupt
 604   1        return SUCCESS;
 605   1      }
 606          


MODULE INFORMATION:   STATIC OVERLAYABLE
   CODE SIZE        =   2081    ----
   CONSTANT SIZE    =   ----    ----
   XDATA SIZE       =   ----    ----
C51 COMPILER V9.59.0.0   STC8A_NVIC                                                        12/08/2023 16:39:17 PAGE 11  

   PDATA SIZE       =   ----    ----
   DATA SIZE        =   ----    ----
   IDATA SIZE       =   ----    ----
   BIT SIZE         =   ----    ----
   EDATA SIZE       =   ----    ----
   HDATA SIZE       =   ----    ----
   XDATA CONST SIZE =   ----    ----
   FAR CONST SIZE   =   ----    ----
END OF MODULE INFORMATION.


C51 COMPILATION COMPLETE.  0 WARNING(S),  0 ERROR(S)
